hint: the CAD kernel was imported before display_holder.py's build was asked for at ../../../../packages/cadgen/src/cadgen/_internal/step_scene.py:16 (from OCP.BinXCAFDrivers import BinXCAFDrivers). Module bodies must not touch it: use `from cadgen import build123d as bd` instead of importing build123d/OCP, keep `bd.<anything>` out of module-level constants and default arguments (each one resolves the attribute at import), and call `read_step` inside the model body or a function it calls, never at module level (reading a vendor STEP at import pays the kernel AND the parse on every current rerun). Then a call on a current model returns without the ~2.5s import (see the cad skill docs).
{"model":"/mnt/c/Users/srnew/source/repos/text-to-cad/models/camera-iteration-validation/project/cad/src/design/camera_display/display_holder.py","parent":null,"state":"building","phase":"generate","progress":null,"elapsed":0.0}
{"model":"/mnt/c/Users/srnew/source/repos/text-to-cad/models/camera-iteration-validation/project/cad/src/design/camera_display/display_holder.py","parent":null,"state":"building","phase":"Building geometry","progress":null,"elapsed":0.081}
{"model":"/mnt/c/Users/srnew/source/repos/text-to-cad/models/camera-iteration-validation/project/cad/src/references/active/jc4880p443c_i_w_y_community.py","parent":"/mnt/c/Users/srnew/source/repos/text-to-cad/models/camera-iteration-validation/project/cad/src/design/camera_display/display_holder.py","state":"submitted","phase":null,"progress":null,"elapsed":null}
{"model":"/mnt/c/Users/srnew/source/repos/text-to-cad/models/camera-iteration-validation/project/cad/src/references/active/jc4880p443c_i_w_y_community.py","parent":"/mnt/c/Users/srnew/source/repos/text-to-cad/models/camera-iteration-validation/project/cad/src/design/camera_display/display_holder.py","state":"building","phase":"generate","progress":null,"elapsed":0.0}
{"model":"/mnt/c/Users/srnew/source/repos/text-to-cad/models/camera-iteration-validation/project/cad/src/references/active/jc4880p443c_i_w_y_community.py","parent":"/mnt/c/Users/srnew/source/repos/text-to-cad/models/camera-iteration-validation/project/cad/src/design/camera_display/display_holder.py","state":"building","phase":"Building geometry","progress":null,"elapsed":0.035}
{"model":"/mnt/c/Users/srnew/source/repos/text-to-cad/models/camera-iteration-validation/project/cad/src/references/active/jc4880p443c_i_w_y_community.py","parent":"/mnt/c/Users/srnew/source/repos/text-to-cad/models/camera-iteration-validation/project/cad/src/design/camera_display/display_holder.py","state":"building","phase":"Collecting parts","progress":null,"elapsed":6.489}
{"model":"/mnt/c/Users/srnew/source/repos/text-to-cad/models/camera-iteration-validation/project/cad/src/references/active/jc4880p443c_i_w_y_community.py","parent":"/mnt/c/Users/srnew/source/repos/text-to-cad/models/camera-iteration-validation/project/cad/src/design/camera_display/display_holder.py","state":"building","phase":"Meshing components","progress":[0,1],"elapsed":6.536}
{"model":"/mnt/c/Users/srnew/source/repos/text-to-cad/models/camera-iteration-validation/project/cad/src/references/active/jc4880p443c_i_w_y_community.py","parent":"/mnt/c/Users/srnew/source/repos/text-to-cad/models/camera-iteration-validation/project/cad/src/design/camera_display/display_holder.py","state":"building","phase":"Meshing components","progress":[1,1],"elapsed":26.542}
{"model":"/mnt/c/Users/srnew/source/repos/text-to-cad/models/camera-iteration-validation/project/cad/src/references/active/jc4880p443c_i_w_y_community.py","parent":"/mnt/c/Users/srnew/source/repos/text-to-cad/models/camera-iteration-validation/project/cad/src/design/camera_display/display_holder.py","state":"building","phase":"Writing outputs","progress":null,"elapsed":26.751}
{"model":"/mnt/c/Users/srnew/source/repos/text-to-cad/models/camera-iteration-validation/project/cad/src/references/active/jc4880p443c_i_w_y_community.py","parent":"/mnt/c/Users/srnew/source/repos/text-to-cad/models/camera-iteration-validation/project/cad/src/design/camera_display/display_holder.py","state":"done","phase":"Writing outputs","progress":null,"elapsed":29.696}
{"model":"/mnt/c/Users/srnew/source/repos/text-to-cad/models/camera-iteration-validation/project/cad/src/design/camera_display/display_holder.py","parent":null,"state":"building","phase":"Collecting parts","progress":null,"elapsed":53.326}
{"model":"/mnt/c/Users/srnew/source/repos/text-to-cad/models/camera-iteration-validation/project/cad/src/design/camera_display/display_holder.py","parent":null,"state":"building","phase":"Meshing components","progress":[0,1],"elapsed":53.351}
{"model":"/mnt/c/Users/srnew/source/repos/text-to-cad/models/camera-iteration-validation/project/cad/src/design/camera_display/display_holder.py","parent":null,"state":"building","phase":"Meshing components","progress":[1,1],"elapsed":53.501}
{"model":"/mnt/c/Users/srnew/source/repos/text-to-cad/models/camera-iteration-validation/project/cad/src/design/camera_display/display_holder.py","parent":null,"state":"building","phase":"Writing outputs","progress":null,"elapsed":53.573}
{"model":"/mnt/c/Users/srnew/source/repos/text-to-cad/models/camera-iteration-validation/project/cad/src/design/camera_display/display_holder.py","parent":null,"state":"failed","phase":"Writing outputs","progress":null,"elapsed":54.338}
[python display_holder.py] FAILED: NodeBuilderError: cadgen is running from a source checkout (/mnt/c/Users/srnew/source/repos/text-to-cad/packages/cadgen-js) whose node_modules is missing: /mnt/c/Users/srnew/source/repos/text-to-cad/packages/cadgen-js/node_modules. The live builders import 'three' and friends from it, so every mesh export and DXF preview fails until it exists. In a lightweight worktree, symlink packages/cadgen-js/node_modules from the primary checkout, or run `npm install` there -- see CONTRIBUTING.md, 'Viewer Development In This Repo'.
[python display_holder.py]   raised in …/cadgen/_internal/node_runtime.py:150
[python display_holder.py] re-run with --verbose for the full traceback
Traceback (most recent call last):
  File "/home/srnew/.local/share/uv/python/cpython-3.12.14-linux-x86_64-gnu/lib/python3.12/multiprocessing/util.py", line 303, in _run_finalizers
    finalizer()
  File "/home/srnew/.local/share/uv/python/cpython-3.12.14-linux-x86_64-gnu/lib/python3.12/multiprocessing/util.py", line 227, in __call__
    res = self._callback(*self._args, **self._kwargs)
          ^^^^^^^^^^^^^^^^^^^^^^^^^^^^^^^^^^^^^^^^^^^
FileNotFoundError: [Errno 2] No such file or directory: '/tmp/cadgen-b2-21be80933cda.sock'
